// Jest Snapshot v1, https://goo.gl/fbAQLP

exports[`Options default 1`] = `".a {background: url('sprite.svg') no-repeat 0 0;background-size: 100% 104.50%}"`;

exports[`Options sprite 1`] = `".a {background: url('sprite.svg') no-repeat 0 0;background-size: 100% 104.50%}"`;
