// Jest Snapshot v1, https://goo.gl/fbAQLP

exports[`should prefix all <style> tag selectors 1`] = `
"<svg>
  <defs>
    <style>
      .qwe .a {}

      .qwe .b .c {}
    </style>
  </defs>
</svg>"
`;
