// Jest Snapshot v1, https://goo.gl/fbAQLP

exports[`Move all namespaces to root node 1`] = `"<svg xmlns:shalala=\\"tralala\\" xmlns=\\"qwe\\" xmlns:qwe=\\"qwe2\\"><g><path d=\\"\\" /></g></svg>"`;
